// Jest Snapshot v1, https://goo.gl/fbAQLP

exports[`<Image /> should create a snapshot 1`] = `
<img
  alt="logo"
  className="App-logo"
  src="logo.svg"
/>
`;
